Archive member included to satisfy reference by file (symbol)

c:/st/stm32cubeide_1.11.2/stm32cubeide/plugins/com.st.stm32cube.ide.mcu.externaltools.gnu-tools-for-stm32.10.3-2021.10.win32_1.0.100.202210260954/tools/bin/../lib/gcc/arm-none-eabi/10.3.1/../../../../arm-none-eabi/lib/thumb/v7e-m+fp/hard\libc_nano.a(lib_a-errno.o)
                              ./Src/syscalls.o (__errno)
c:/st/stm32cubeide_1.11.2/stm32cubeide/plugins/com.st.stm32cube.ide.mcu.externaltools.gnu-tools-for-stm32.10.3-2021.10.win32_1.0.100.202210260954/tools/bin/../lib/gcc/arm-none-eabi/10.3.1/../../../../arm-none-eabi/lib/thumb/v7e-m+fp/hard\libc_nano.a(lib_a-exit.o)
                              c:/st/stm32cubeide_1.11.2/stm32cubeide/plugins/com.st.stm32cube.ide.mcu.externaltools.gnu-tools-for-stm32.10.3-2021.10.win32_1.0.100.202210260954/tools/bin/../lib/gcc/arm-none-eabi/10.3.1/../../../../arm-none-eabi/lib/thumb/v7e-m+fp/hard/crt0.o (exit)
c:/st/stm32cubeide_1.11.2/stm32cubeide/plugins/com.st.stm32cube.ide.mcu.externaltools.gnu-tools-for-stm32.10.3-2021.10.win32_1.0.100.202210260954/tools/bin/../lib/gcc/arm-none-eabi/10.3.1/../../../../arm-none-eabi/lib/thumb/v7e-m+fp/hard\libc_nano.a(lib_a-impure.o)
                              c:/st/stm32cubeide_1.11.2/stm32cubeide/plugins/com.st.stm32cube.ide.mcu.externaltools.gnu-tools-for-stm32.10.3-2021.10.win32_1.0.100.202210260954/tools/bin/../lib/gcc/arm-none-eabi/10.3.1/../../../../arm-none-eabi/lib/thumb/v7e-m+fp/hard\libc_nano.a(lib_a-exit.o) (_global_impure_ptr)
c:/st/stm32cubeide_1.11.2/stm32cubeide/plugins/com.st.stm32cube.ide.mcu.externaltools.gnu-tools-for-stm32.10.3-2021.10.win32_1.0.100.202210260954/tools/bin/../lib/gcc/arm-none-eabi/10.3.1/../../../../arm-none-eabi/lib/thumb/v7e-m+fp/hard\libc_nano.a(lib_a-init.o)
                              c:/st/stm32cubeide_1.11.2/stm32cubeide/plugins/com.st.stm32cube.ide.mcu.externaltools.gnu-tools-for-stm32.10.3-2021.10.win32_1.0.100.202210260954/tools/bin/../lib/gcc/arm-none-eabi/10.3.1/../../../../arm-none-eabi/lib/thumb/v7e-m+fp/hard/crt0.o (__libc_init_array)
c:/st/stm32cubeide_1.11.2/stm32cubeide/plugins/com.st.stm32cube.ide.mcu.externaltools.gnu-tools-for-stm32.10.3-2021.10.win32_1.0.100.202210260954/tools/bin/../lib/gcc/arm-none-eabi/10.3.1/../../../../arm-none-eabi/lib/thumb/v7e-m+fp/hard\libc_nano.a(lib_a-memset.o)
                              c:/st/stm32cubeide_1.11.2/stm32cubeide/plugins/com.st.stm32cube.ide.mcu.externaltools.gnu-tools-for-stm32.10.3-2021.10.win32_1.0.100.202210260954/tools/bin/../lib/gcc/arm-none-eabi/10.3.1/../../../../arm-none-eabi/lib/thumb/v7e-m+fp/hard/crt0.o (memset)
c:/st/stm32cubeide_1.11.2/stm32cubeide/plugins/com.st.stm32cube.ide.mcu.externaltools.gnu-tools-for-stm32.10.3-2021.10.win32_1.0.100.202210260954/tools/bin/../lib/gcc/arm-none-eabi/10.3.1/../../../../arm-none-eabi/lib/thumb/v7e-m+fp/hard\libc_nano.a(lib_a-puts.o)
                              ./Src/interrupt.o (puts)
c:/st/stm32cubeide_1.11.2/stm32cubeide/plugins/com.st.stm32cube.ide.mcu.externaltools.gnu-tools-for-stm32.10.3-2021.10.win32_1.0.100.202210260954/tools/bin/../lib/gcc/arm-none-eabi/10.3.1/../../../../arm-none-eabi/lib/thumb/v7e-m+fp/hard\libc_nano.a(lib_a-wbuf.o)
                              c:/st/stm32cubeide_1.11.2/stm32cubeide/plugins/com.st.stm32cube.ide.mcu.externaltools.gnu-tools-for-stm32.10.3-2021.10.win32_1.0.100.202210260954/tools/bin/../lib/gcc/arm-none-eabi/10.3.1/../../../../arm-none-eabi/lib/thumb/v7e-m+fp/hard\libc_nano.a(lib_a-puts.o) (__swbuf_r)
c:/st/stm32cubeide_1.11.2/stm32cubeide/plugins/com.st.stm32cube.ide.mcu.externaltools.gnu-tools-for-stm32.10.3-2021.10.win32_1.0.100.202210260954/tools/bin/../lib/gcc/arm-none-eabi/10.3.1/../../../../arm-none-eabi/lib/thumb/v7e-m+fp/hard\libc_nano.a(lib_a-wsetup.o)
                              c:/st/stm32cubeide_1.11.2/stm32cubeide/plugins/com.st.stm32cube.ide.mcu.externaltools.gnu-tools-for-stm32.10.3-2021.10.win32_1.0.100.202210260954/tools/bin/../lib/gcc/arm-none-eabi/10.3.1/../../../../arm-none-eabi/lib/thumb/v7e-m+fp/hard\libc_nano.a(lib_a-puts.o) (__swsetup_r)
c:/st/stm32cubeide_1.11.2/stm32cubeide/plugins/com.st.stm32cube.ide.mcu.externaltools.gnu-tools-for-stm32.10.3-2021.10.win32_1.0.100.202210260954/tools/bin/../lib/gcc/arm-none-eabi/10.3.1/../../../../arm-none-eabi/lib/thumb/v7e-m+fp/hard\libc_nano.a(lib_a-fflush.o)
                              c:/st/stm32cubeide_1.11.2/stm32cubeide/plugins/com.st.stm32cube.ide.mcu.externaltools.gnu-tools-for-stm32.10.3-2021.10.win32_1.0.100.202210260954/tools/bin/../lib/gcc/arm-none-eabi/10.3.1/../../../../arm-none-eabi/lib/thumb/v7e-m+fp/hard\libc_nano.a(lib_a-wbuf.o) (_fflush_r)
c:/st/stm32cubeide_1.11.2/stm32cubeide/plugins/com.st.stm32cube.ide.mcu.externaltools.gnu-tools-for-stm32.10.3-2021.10.win32_1.0.100.202210260954/tools/bin/../lib/gcc/arm-none-eabi/10.3.1/../../../../arm-none-eabi/lib/thumb/v7e-m+fp/hard\libc_nano.a(lib_a-findfp.o)
[...]
Memory Configuration

Name             Origin             Length             Attributes
CCMSRAM          0x0000000010000000 0x0000000000002800 xrw
RAM              0x0000000020000000 0x0000000000008000 xrw
FLASH            0x0000000008000000 0x0000000000020000 xr
*default*        0x0000000000000000 0xffffffffffffffff

Linker script and memory map

LOAD c:/st/stm32cubeide_1.11.2/stm32cubeide/plugins/com.st.stm32cube.ide.mcu.externaltools.gnu-tools-for-stm32.10.3-2021.10.win32_1.0.100.202210260954/tools/bin/../lib/gcc/arm-none-eabi/10.3.1/thumb/v7e-m+fp/hard/crti.o
LOAD c:/st/stm32cubeide_1.11.2/stm32cubeide/plugins/com.st.stm32cube.ide.mcu.externaltools.gnu-tools-for-stm32.10.3-2021.10.win32_1.0.100.202210260954/tools/bin/../lib/gcc/arm-none-eabi/10.3.1/thumb/v7e-m+fp/hard/crtbegin.o
LOAD c:/st/stm32cubeide_1.11.2/stm32cubeide/plugins/com.st.stm32cube.ide.mcu.externaltools.gnu-tools-for-stm32.10.3-2021.10.win32_1.0.100.202210260954/tools/bin/../lib/gcc/arm-none-eabi/10.3.1/../../../../arm-none-eabi/lib/thumb/v7e-m+fp/hard/crt0.o
LOAD ./Src/adc.o
LOAD ./Src/clockconfig.o
LOAD ./Src/encoder.o
LOAD ./Src/gpio.o
LOAD ./Src/interrupt.o
LOAD ./Src/main.o
LOAD ./Src/motor.o
LOAD ./Src/syscalls.o
LOAD ./Src/sysmem.o
LOAD ./Src/system_stm32g4xx.o
LOAD ./Src/timer.o
LOAD ./Startup/startup_stm32g431rbtx.o
START GROUP
LOAD c:/st/stm32cubeide_1.11.2/stm32cubeide/plugins/com.st.stm32cube.ide.mcu.externaltools.gnu-tools-for-stm32.10.3-2021.10.win32_1.0.100.202210260954/tools/bin/../lib/gcc/arm-none-eabi/10.3.1/../../../../arm-none-eabi/lib/thumb/v7e-m+fp/hard\libc_nano.a
LOAD c:/st/stm32cubeide_1.11.2/stm32cubeide/plugins/com.st.stm32cube.ide.mcu.externaltools.gnu-tools-for-stm32.10.3-2021.10.win32_1.0.100.202210260954/tools/bin/../lib/gcc/arm-none-eabi/10.3.1/../../../../arm-none-eabi/lib/thumb/v7e-m+fp/hard\libm.a
END GROUP
START GROUP
LOAD c:/st/stm32cubeide_1.11.2/stm32cubeide/plugins/com.st.stm32cube.ide.mcu.externaltools.gnu-tools-for-stm32.10.3-2021.10.win32_1.0.100.202210260954/tools/bin/../lib/gcc/arm-none-eabi/10.3.1/thumb/v7e-m+fp/hard\libgcc.a
LOAD c:/st/stm32cubeide_1.11.2/stm32cubeide/plugins/com.st.stm32cube.ide.mcu.externaltools.gnu-tools-for-stm32.10.3-2021.10.win32_1.0.100.202210260954/tools/bin/../lib/gcc/arm-none-eabi/10.3.1/../../../../arm-none-eabi/lib/thumb/v7e-m+fp/hard\libc_nano.a
END GROUP
START GROUP
LOAD c:/st/stm32cubeide_1.11.2/stm32cubeide/plugins/com.st.stm32cube.ide.mcu.externaltools.gnu-tools-for-stm32.10.3-2021.10.win32_1.0.100.202210260954/tools/bin/../lib/gcc/arm-none-eabi/10.3.1/thumb/v7e-m+fp/hard\libgcc.a
LOAD c:/st/stm32cubeide_1.11.2/stm32cubeide/plugins/com.st.stm32cube.ide.mcu.externaltools.gnu-tools-for-stm32.10.3-2021.10.win32_1.0.100.202210260954/tools/bin/../lib/gcc/arm-none-eabi/10.3.1/../../../../arm-none-eabi/lib/thumb/v7e-m+fp/hard\libc_nano.a
LOAD c:/st/stm32cubeide_1.11.2/stm32cubeide/plugins/com.st.stm32cube.ide.mcu.externaltools.gnu-tools-for-stm32.10.3-2021.10.win32_1.0.100.202210260954/tools/bin/../lib/gcc/arm-none-eabi/10.3.1/../../../../arm-none-eabi/lib/thumb/v7e-m+fp/hard\libnosys.a
END GROUP
START GROUP
LOAD c:/st/stm32cubeide_1.11.2/stm32cubeide/plugins/com.st.stm32cube.ide.mcu.externaltools.gnu-tools-for-stm32.10.3-2021.10.win32_1.0.100.202210260954/tools/bin/../lib/gcc/arm-none-eabi/10.3.1/thumb/v7e-m+fp/hard\libgcc.a
LOAD c:/st/stm32cubeide_1.11.2/stm32cubeide/plugins/com.st.stm32cube.ide.mcu.externaltools.gnu-tools-for-stm32.10.3-2021.10.win32_1.0.100.202210260954/tools/bin/../lib/gcc/arm-none-eabi/10.3.1/../../../../arm-none-eabi/lib/thumb/v7e-m+fp/hard\libc_nano.a
LOAD c:/st/stm32cubeide_1.11.2/stm32cubeide/plugins/com.st.stm32cube.ide.mcu.externaltools.gnu-tools-for-stm32.10.3-2021.10.win32_1.0.100.202210260954/tools/bin/../lib/gcc/arm-none-eabi/10.3.1/../../../../arm-none-eabi/lib/thumb/v7e-m+fp/hard\libnosys.a
END GROUP
LOAD c:/st/stm32cubeide_1.11.2/stm32cubeide/plugins/com.st.stm32cube.ide.mcu.externaltools.gnu-tools-for-stm32.10.3-2021.10.win32_1.0.100.202210260954/tools/bin/../lib/gcc/arm-none-eabi/10.3.1/thumb/v7e-m+fp/hard/crtend.o
LOAD c:/st/stm32cubeide_1.11.2/stm32cubeide/plugins/com.st.stm32cube.ide.mcu.externaltools.gnu-tools-for-stm32.10.3-2021.10.win32_1.0.100.202210260954/tools/bin/../lib/gcc/arm-none-eabi/10.3.1/thumb/v7e-m+fp/hard/crtn.o
                0x0000000020008000                _estack = (ORIGIN (RAM) + LENGTH (RAM))
                0x0000000000000200                _Min_Heap_Size = 0x200
                0x0000000000000400                _Min_Stack_Size = 0x400

.isr_vector     0x0000000008000000      0x1d8
                0x0000000008000000                . = ALIGN (0x4)
 *(.isr_vector)
 .isr_vector    0x0000000008000000      0x1d8 ./Startup/startup_stm32g431rbtx.o
                0x0000000008000000                g_pfnVectors
                0x00000000080001d8                . = ALIGN (0x4)

.text           0x00000000080001d8     0x15c4
                0x00000000080001d8                . = ALIGN (0x4)
 *(.text)
 .text          0x00000000080001d8       0x40 c:/st/stm32cubeide_1.11.2/stm32cubeide/plugins/com.st.stm32cube.ide.mcu.externaltools.gnu-tools-for-stm32.10.3-2021.10.win32_1.0.100.202210260954/tools/bin/../lib/gcc/arm-none-eabi/10.3.1/thumb/v7e-m+fp/hard/crtbegin.o
 *(.text*)
 .text.sysClockConfig
                0x0000000008000218      0x158 ./Src/clockconfig.o
                0x0000000008000218                sysClockConfig
 .text.rotaryEncoderRotation
                0x0000000008000370       0xc8 ./Src/encoder.o
                0x0000000008000370                rotaryEncoderRotation
 .text.gpioInit
                0x0000000008000438      0x1ac ./Src/gpio.o
                0x0000000008000438                gpioInit
 .text.readPin  0x00000000080005e4       0x2a ./Src/gpio.o
                0x00000000080005e4                readPin
 .text.setPin   0x000000000800060e       0x3a ./Src/gpio.o
                0x000000000800060e                setPin
 .text.togglePin
                0x0000000008000648       0x36 ./Src/gpio.o
                0x0000000008000648                togglePin
 *fill*         0x000000000800067e        0x2 
 .text.__NVIC_EnableIRQ
                0x0000000008000680       0x3c ./Src/interrupt.o
 .text.__NVIC_SetPriority
                0x00000000080006bc       0x54 ./Src/interrupt.o
 .text.interruptInit
                0x0000000008000710       0x60 ./Src/interrupt.o
                0x0000000008000710                interruptInit
 .text.EXTI15_10_IRQHandler
                0x0000000008000770       0x68 ./Src/interrupt.o
                0x0000000008000770                EXTI15_10_IRQHandler
 .text.TIM3_IRQHandler
                0x00000000080007d8       0x58 ./Src/interrupt.o
                0x00000000080007d8                TIM3_IRQHandler
 .text.TIM1_BRK_TIM15_IRQHandler
                0x0000000008000830       0x28 ./Src/interrupt.o
                0x0000000008000830                TIM1_BRK_TIM15_IRQHandler
 .text.ITM_SendChar
                0x0000000008000858       0x4e ./Src/main.o
 *fill*         0x00000000080008a6        0x2 
 .text.main     0x00000000080008a8       0x4c ./Src/main.o
                0x00000000080008a8                main
 .text._write   0x00000000080008f4       0x3c ./Src/main.o
                0x00000000080008f4                _write
 .text.setMotorDirection
                0x0000000008000930       0x58 ./Src/motor.o
                0x0000000008000930                setMotorDirection
 .text.setMotorDuty
                0x0000000008000988       0x34 ./Src/motor.o
                0x0000000008000988                setMotorDuty
 .text.measureMotorSpeed
                0x00000000080009bc       0x20 ./Src/motor.o
                0x00000000080009bc                measureMotorSpeed
 .text._read    0x00000000080009dc       0x3a ./Src/syscalls.o
                0x00000000080009dc                _read
 .text._close   0x0000000008000a16       0x18 ./Src/syscalls.o
                0x0000000008000a16                _close
 .text._fstat   0x0000000008000a2e       0x20 ./Src/syscalls.o
                0x0000000008000a2e                _fstat
 .text._isatty  0x0000000008000a4e       0x16 ./Src/syscalls.o
                0x0000000008000a4e                _isatty
 .text._lseek   0x0000000008000a64       0x1a ./Src/syscalls.o
                0x0000000008000a64                _lseek
 *fill*         0x0000000008000a7e        0x2 
 .text._sbrk    0x0000000008000a80       0x6c ./Src/sysmem.o
                0x0000000008000a80                _sbrk
 .text.SystemInit
                0x0000000008000aec       0x24 ./Src/system_stm32g4xx.o
                0x0000000008000aec                SystemInit
 .text.TIM3Init
                0x0000000008000b10       0x3c ./Src/timer.o
                0x0000000008000b10                TIM3Init
 .text.TIM4Init
                0x0000000008000b4c       0xa4 ./Src/timer.o
                0x0000000008000b4c                TIM4Init
 .text.TIM8Init
                0x0000000008000bf0       0x98 ./Src/timer.o
                0x0000000008000bf0                TIM8Init
 .text.TIM15Init
                0x0000000008000c88       0x48 ./Src/timer.o
                0x0000000008000c88                TIM15Init
 .text.Reset_Handler
                0x0000000008000cd0       0x50 ./Startup/startup_stm32g431rbtx.o
                0x0000000008000cd0                Reset_Handler
 .text.Default_Handler
                0x0000000008000d20        0x2 ./Startup/startup_stm32g431rbtx.o
                0x0000000008000d20                EXTI2_IRQHandler
                0x0000000008000d20                TIM8_TRG_COM_IRQHandler
                0x0000000008000d20                TIM8_CC_IRQHandler
                0x0000000008000d20                DebugMon_Handler
                0x0000000008000d20                DMA1_CH4_IRQHandler
                0x0000000008000d20                TIM1_CC_IRQHandler
                0x0000000008000d20                Cordic_IRQHandler
                0x0000000008000d20                HardFault_Handler
                0x0000000008000d20                USB_HP_IRQHandler
                0x0000000008000d20                SysTick_Handler
                0x0000000008000d20                PendSV_Handler
                0x0000000008000d20                NMI_Handler
                0x0000000008000d20                EXTI3_IRQHandler
                0x0000000008000d20                I2C3_ER_IRQHandler
                0x0000000008000d20                TIM6_DACUNDER_IRQHandler
                0x0000000008000d20                EXTI0_IRQHandler
                0x0000000008000d20                I2C2_EV_IRQHandler
                0x0000000008000d20                DMA2_CH1_IRQHandler
                0x0000000008000d20                FPU_IRQHandler
                0x0000000008000d20                FDCAN1_IT1_IRQHandler
                0x0000000008000d20                TIM1_UP_TIM16_IRQHandler
                0x0000000008000d20                UsageFault_Handler
                0x0000000008000d20                ADC1_2_IRQHandler
                0x0000000008000d20                SPI1_IRQHandler
                0x0000000008000d20                TIM8_UP_IRQHandler
                0x0000000008000d20                USBWakeUP_IRQHandler
                0x0000000008000d20                RTC_ALARM_IRQHandler
                0x0000000008000d20                DMA1_CH6_IRQHandler
                0x0000000008000d20                USART3_IRQHandler
                0x0000000008000d20                LPUART_IRQHandler
                0x0000000008000d20                TIM4_IRQHandler
                0x0000000008000d20                I2C1_EV_IRQHandler
                0x0000000008000d20                DMA2_CH5_IRQHandler
                0x0000000008000d20                UART4_IRQHandler
                0x0000000008000d20                DMA1_CH3_IRQHandler
                0x0000000008000d20                RCC_IRQHandler
                0x0000000008000d20                TIM1_TRG_COM_IRQHandler
                0x0000000008000d20                Default_Handler
                0x0000000008000d20                FMAC_IRQHandler
                0x0000000008000d20                TIM7_IRQHandler
                0x0000000008000d20                UCPD1_IRQHandler
                0x0000000008000d20                I2C3_EV_IRQHandler
                0x0000000008000d20                EXTI9_5_IRQHandler
                0x0000000008000d20                DMA1_CH2_IRQHandler
                0x0000000008000d20                RTC_WKUP_IRQHandler
                0x0000000008000d20                SAI_IRQHandler
                0x0000000008000d20                PVD_PVM_IRQHandler
                0x0000000008000d20                SPI2_IRQHandler
                0x0000000008000d20                DMA1_CH1_IRQHandler
                0x0000000008000d20                MemManage_Handler
                0x0000000008000d20                SVC_Handler
                0x0000000008000d20                CRS_IRQHandler
                0x0000000008000d20                USB_LP_IRQHandler
                0x0000000008000d20                EXTI4_IRQHandler
                0x0000000008000d20                RNG_IRQHandler
                0x0000000008000d20                WWDG_IRQHandler
                0x0000000008000d20                FDCAN1_IT0_IRQHandler
                0x0000000008000d20                TIM2_IRQHandler
                0x0000000008000d20                COMP7_IRQHandler
                0x0000000008000d20                COMP1_2_3_IRQHandler
                0x0000000008000d20                EXTI1_IRQHandler
                0x0000000008000d20                AES_IRQHandler
                0x0000000008000d20                USART2_IRQHandler
                0x0000000008000d20                COMP4_5_6_IRQHandler
                0x0000000008000d20                I2C2_ER_IRQHandler
                0x0000000008000d20                TIM8_BRK_IRQHandler
                0x0000000008000d20                FLASH_IRQHandler
                0x0000000008000d20                BusFault_Handler
                0x0000000008000d20                USART1_IRQHandler
                0x0000000008000d20                SPI3_IRQHandler
                0x0000000008000d20                DMA2_CH6_IRQHandler
                0x0000000008000d20                DMA2_CH3_IRQHandler
                0x0000000008000d20                DMA2_CH2_IRQHandler
                0x0000000008000d20                I2C1_ER_IRQHandler
                0x0000000008000d20                DMA1_CH5_IRQHandler
                0x0000000008000d20                DMA2_CH4_IRQHandler
                0x0000000008000d20                LPTIM1_IRQHandler
                0x0000000008000d20                DMAMUX_OVR_IRQHandler
                0x0000000008000d20                RTC_TAMP_CSS_LSE_IRQHandler
 *fill*         0x0000000008000d22        0x2 
 .text.__errno  0x0000000008000d24        0xc c:/st/stm32cubeide_1.11.2/stm32cubeide/plugins/com.st.stm32cube.ide.mcu.externaltools.gnu-tools-for-stm32.10.3-2021.10.win32_1.0.100.202210260954/tools/bin/../lib/gcc/arm-none-eabi/10.3.1/../../../../arm-none-eabi/lib/thumb/v7e-m+fp/hard\libc_nano.a(lib_a-errno.o)
                0x0000000008000d24                __errno
 .text.__libc_init_array
                0x0000000008000d30       0x48 c:/st/stm32cubeide_1.11.2/stm32cubeide/plugins/com.st.stm32cube.ide.mcu.externaltools.gnu-tools-for-stm32.10.3-2021.10.win32_1.0.100.202210260954/tools/bin/../lib/gcc/arm-none-eabi/10.3.1/../../../../arm-none-eabi/lib/thumb/v7e-m+fp/hard\libc_nano.a(lib_a-init.o)
                0x0000000008000d30                __libc_init_array
 .text.memset   0x0000000008000d78       0x10 c:/st/stm32cubeide_1.11.2/stm32cubeide/plugins/com.st.stm32cube.ide.mcu.externaltools.gnu-tools-for-stm32.10.3-2021.10.win32_1.0.100.202210260954/tools/bin/../lib/gcc/arm-none-eabi/10.3.1/../../../../arm-none-eabi/lib/thumb/v7e-m+fp/hard\libc_nano.a(lib_a-memset.o)
                0x0000000008000d78                memset
 .text._puts_r  0x0000000008000d88       0xdc c:/st/stm32cubeide_1.11.2/stm32cubeide/plugins/com.st.stm32cube.ide.mcu.externaltools.gnu-tools-for-stm32.10.3-2021.10.win32_1.0.100.202210260954/tools/bin/../lib/gcc/arm-none-eabi/10.3.1/../../../../arm-none-eabi/lib/thumb/v7e-m+fp/hard\libc_nano.a(lib_a-puts.o)
                0x0000000008000d88                _puts_r
 .text.puts     0x0000000008000e64       0x10 c:/st/stm32cubeide_1.11.2/stm32cubeide/plugins/com.st.stm32cube.ide.mcu.externaltools.gnu-tools-for-stm32.10.3-2021.10.win32_1.0.100.202210260954/tools/bin/../lib/gcc/arm-none-eabi/10.3.1/../../../../arm-none-eabi/lib/thumb/v7e-m+fp/hard\libc_nano.a(lib_a-puts.o)
                0x0000000008000e64                puts
 .text.__swbuf_r
                0x0000000008000e74       0xa4 c:/st/stm32cubeide_1.11.2/stm32cubeide/plugins/com.st.stm32cube.ide.mcu.externaltools.gnu-tools-for-stm32.10.3-2021.10.win32_1.0.100.202210260954/tools/bin/../lib/gcc/arm-none-eabi/10.3.1/../../../../arm-none-eabi/lib/thumb/v7e-m+fp/hard\libc_nano.a(lib_a-wbuf.o)
                0x0000000008000e74                __swbuf_r
 .text.__swsetup_r
                0x0000000008000f18       0xdc c:/st/stm32cubeide_1.11.2/stm32cubeide/plugins/com.st.stm32cube.ide.mcu.externaltools.gnu-tools-for-stm32.10.3-2021.10.win32_1.0.100.202210260954/tools/bin/../lib/gcc/arm-none-eabi/10.3.1/../../../../arm-none-eabi/lib/thumb/v7e-m+fp/hard\libc_nano.a(lib_a-wsetup.o)
                0x0000000008000f18                __swsetup_r
 .text.__sflush_r
                0x0000000008000ff4      0x10c c:/st/stm32cubeide_1.11.2/stm32cubeide/plugins/com.st.stm32cube.ide.mcu.externaltools.gnu-tools-for-stm32.10.3-2021.10.win32_1.0.100.202210260954/tools/bin/../lib/gcc/arm-none-eabi/10.3.1/../../../../arm-none-eabi/lib/thumb/v7e-m+fp/hard\libc_nano.a(lib_a-fflush.o)
                0x0000000008000ff4                __sflush_r
 .text._fflush_r
                0x0000000008001100       0x78 c:/st/stm32cubeide_1.11.2/stm32cubeide/plugins/com.st.stm32cube.ide.mcu.externaltools.gnu-tools-for-stm32.10.3-2021.10.win32_1.0.100.202210260954/tools/bin/../lib/gcc/arm-none-eabi/10.3.1/../../../../arm-none-eabi/lib/thumb/v7e-m+fp/hard\libc_nano.a(lib_a-fflush.o)
                0x0000000008001100                _fflush_r
 .text.std      0x0000000008001178       0x48 c:/st/stm32cubeide_1.11.2/stm32cubeide/plugins/com.st.stm32cube.ide.mcu.externaltools.gnu-tools-for-stm32.10.3-2021.10.win32_1.0.100.202210260954/tools/bin/../lib/gcc/arm-none-eabi/10.3.1/../../../../arm-none-eabi/lib/thumb/v7e-m+fp/hard\libc_nano.a(lib_a-findfp.o)
 .text._cleanup_r
                0x00000000080011c0        0xc c:/st/stm32cubeide_1.11.2/stm32cubeide/plugins/com.st.stm32cube.ide.mcu.externaltools.gnu-tools-for-stm32.10.3-2021.10.win32_1.0.100.202210260954/tools/bin/../lib/gcc/arm-none-eabi/10.3.1/../../../../arm-none-eabi/lib/thumb/v7e-m+fp/hard\libc_nano.a(lib_a-findfp.o)
                0x00000000080011c0                _cleanup_r
 .text.__sfmoreglue
                0x00000000080011cc       0x2c c:/st/stm32cubeide_1.11.2/stm32cubeide/plugins/com.st.stm32cube.ide.mcu.externaltools.gnu-tools-for-stm32.10.3-2021.10.win32_1.0.100.202210260954/tools/bin/../lib/gcc/arm-none-eabi/10.3.1/../../../../arm-none-eabi/lib/thumb/v7e-m+fp/hard\libc_nano.a(lib_a-findfp.o)
                0x00000000080011cc                __sfmoreglue
 .text.__sfp_lock_acquire
                0x00000000080011f8        0xc c:/st/stm32cubeide_1.11.2/stm32cubeide/plugins/com.st.stm32cube.ide.mcu.externaltools.gnu-tools-for-stm32.10.3-2021.10.win32_1.0.100.202210260954/tools/bin/../lib/gcc/arm-none-eabi/10.3.1/../../../../arm-none-eabi/lib/thumb/v7e-m+fp/hard\libc_nano.a(lib_a-findfp.o)
                0x00000000080011f8                __sfp_lock_acquire
 .text.__sfp_lock_release
                0x0000000008001204        0xc c:/st/stm32cubeide_1.11.2/stm32cubeide/plugins/com.st.stm32cube.ide.mcu.externaltools.gnu-tools-for-stm32.10.3-2021.10.win32_1.0.100.202210260954/tools/bin/../lib/gcc/arm-none-eabi/10.3.1/../../../../arm-none-eabi/lib/thumb/v7e-m+fp/hard\libc_nano.a(lib_a-findfp.o)
                0x0000000008001204                __sfp_lock_release
 .text.__sinit_lock_acquire
                0x0000000008001210        0xc c:/st/stm32cubeide_1.11.2/stm32cubeide/plugins/com.st.stm32cube.ide.mcu.externaltools.gnu-tools-for-stm32.10.3-2021.10.win32_1.0.100.202210260954/tools/bin/../lib/gcc/arm-none-eabi/10.3.1/../../../../arm-none-eabi/lib/thumb/v7e-m+fp/hard\libc_nano.a(lib_a-findfp.o)
                0x0000000008001210                __sinit_lock_acquire
 .text.__sinit_lock_release
                0x000000000800121c        0xc c:/st/stm32cubeide_1.11.2/stm32cubeide/plugins/com.st.stm32cube.ide.mcu.externaltools.gnu-tools-for-stm32.10.3-2021.10.win32_1.0.100.202210260954/tools/bin/../lib/gcc/arm-none-eabi/10.3.1/../../../../arm-none-eabi/lib/thumb/v7e-m+fp/hard\libc_nano.a(lib_a-findfp.o)
                0x000000000800121c                __sinit_lock_release
 .text.__sinit  0x0000000008001228       0x70 c:/st/stm32cubeide_1.11.2/stm32cubeide/plugins/com.st.stm32cube.ide.mcu.externaltools.gnu-tools-for-stm32.10.3-2021.10.win32_1.0.100.202210260954/tools/bin/../lib/gcc/arm-none-eabi/10.3.1/../../../../arm-none-eabi/lib/thumb/v7e-m+fp/hard\libc_nano.a(lib_a-findfp.o)
                0x0000000008001228                __sinit
 .text.__sfp    0x0000000008001298       0x8c c:/st/stm32cubeide_1.11.2/stm32cubeide/plugins/com.st.stm32cube.ide.mcu.externaltools.gnu-tools-for-stm32.10.3-2021.10.win32_1.0.100.202210260954/tools/bin/../lib/gcc/arm-none-eabi/10.3.1/../../../../arm-none-eabi/lib/thumb/v7e-m+fp/hard\libc_nano.a(lib_a-findfp.o)
                0x0000000008001298                __sfp
 .text._fwalk_reent
                0x0000000008001324       0x3e c:/st/stm32cubeide_1.11.2/stm32cubeide/plugins/com.st.stm32cube.ide.mcu.externaltools.gnu-tools-for-stm32.10.3-2021.10.win32_1.0.100.202210260954/tools/bin/../lib/gcc/arm-none-eabi/10.3.1/../../../../arm-none-eabi/lib/thumb/v7e-m+fp/hard\libc_nano.a(lib_a-fwalk.o)
                0x0000000008001324                _fwalk_reent
 .text.__retarget_lock_init_recursive
                0x0000000008001362        0x2 c:/st/stm32cubeide_1.11.2/stm32cubeide/plugins/com.st.stm32cube.ide.mcu.externaltools.gnu-tools-for-stm32.10.3-2021.10.win32_1.0.100.202210260954/tools/bin/../lib/gcc/arm-none-eabi/10.3.1/../../../../arm-none-eabi/lib/thumb/v7e-m+fp/hard\libc_nano.a(lib_a-lock.o)
                0x0000000008001362                __retarget_lock_init_recursive
 .text.__retarget_lock_acquire_recursive
                0x0000000008001364        0x2 c:/st/stm32cubeide_1.11.2/stm32cubeide/plugins/com.st.stm32cube.ide.mcu.externaltools.gnu-tools-for-stm32.10.3-2021.10.win32_1.0.100.202210260954/tools/bin/../lib/gcc/arm-none-eabi/10.3.1/../../../../arm-none-eabi/lib/thumb/v7e-m+fp/hard\libc_nano.a(lib_a-lock.o)
                0x0000000008001364                __retarget_lock_acquire_recursive
 .text.__retarget_lock_release_recursive
                0x0000000008001366        0x2 c:/st/stm32cubeide_1.11.2/stm32cubeide/plugins/com.st.stm32cube.ide.mcu.externaltools.gnu-tools-for-stm32.10.3-2021.10.win32_1.0.100.202210260954/tools/bin/../lib/gcc/arm-none-eabi/10.3.1/../../../../arm-none-eabi/lib/thumb/v7e-m+fp/hard\libc_nano.a(lib_a-lock.o)
                0x0000000008001366                __retarget_lock_release_recursive
 .text.__swhatbuf_r
                0x0000000008001368       0x4a c:/st/stm32cubeide_1.11.2/stm32cubeide/plugins/com.st.stm32cube.ide.mcu.externaltools.gnu-tools-for-stm32.10.3-2021.10.win32_1.0.100.202210260954/tools/bin/../lib/gcc/arm-none-eabi/10.3.1/../../../../arm-none-eabi/lib/thumb/v7e-m+fp/hard\libc_nano.a(lib_a-makebuf.o)
                0x0000000008001368                __swhatbuf_r
 *fill*         0x00000000080013b2        0x2 
 .text.__smakebuf_r
                0x00000000080013b4       0x80 c:/st/stm32cubeide_1.11.2/stm32cubeide/plugins/com.st.stm32cube.ide.mcu.externaltools.gnu-tools-for-stm32.10.3-2021.10.win32_1.0.100.202210260954/tools/bin/../lib/gcc/arm-none-eabi/10.3.1/../../../../arm-none-eabi/lib/thumb/v7e-m+fp/hard\libc_nano.a(lib_a-makebuf.o)
                0x00000000080013b4                __smakebuf_r
 .text._free_r  0x0000000008001434       0x98 c:/st/stm32cubeide_1.11.2/stm32cubeide/plugins/com.st.stm32cube.ide.mcu.externaltools.gnu-tools-for-stm32.10.3-2021.10.win32_1.0.100.202210260954/tools/bin/../lib/gcc/arm-none-eabi/10.3.1/../../../../arm-none-eabi/lib/thumb/v7e-m+fp/hard\libc_nano.a(lib_a-nano-freer.o)
                0x0000000008001434                _free_r
 .text.sbrk_aligned
                0x00000000080014cc       0x40 c:/st/stm32cubeide_1.11.2/stm32cubeide/plugins/com.st.stm32cube.ide.mcu.externaltools.gnu-tools-for-stm32.10.3-2021.10.win32_1.0.100.202210260954/tools/bin/../lib/gcc/arm-none-eabi/10.3.1/../../../../arm-none-eabi/lib/thumb/v7e-m+fp/hard\libc_nano.a(lib_a-nano-mallocr.o)
 .text._malloc_r
                0x000000000800150c       0xe8 c:/st/stm32cubeide_1.11.2/stm32cubeide/plugins/com.st.stm32cube.ide.mcu.externaltools.gnu-tools-for-stm32.10.3-2021.10.win32_1.0.100.202210260954/tools/bin/../lib/gcc/arm-none-eabi/10.3.1/../../../../arm-none-eabi/lib/thumb/v7e-m+fp/hard\libc_nano.a(lib_a-nano-mallocr.o)
                0x000000000800150c                _malloc_r
 .text._sbrk_r  0x00000000080015f4       0x20 c:/st/stm32cubeide_1.11.2/stm32cubeide/plugins/com.st.stm32cube.ide.mcu.externaltools.gnu-tools-for-stm32.10.3-2021.10.win32_1.0.100.202210260954/tools/bin/../lib/gcc/arm-none-eabi/10.3.1/../../../../arm-none-eabi/lib/thumb/v7e-m+fp/hard\libc_nano.a(lib_a-sbrkr.o)
                0x00000000080015f4                _sbrk_r
 .text.__sread  0x0000000008001614       0x22 c:/st/stm32cubeide_1.11.2/stm32cubeide/plugins/com.st.stm32cube.ide.mcu.externaltools.gnu-tools-for-stm32.10.3-2021.10.win32_1.0.100.202210260954/tools/bin/../lib/gcc/arm-none-eabi/10.3.1/../../../../arm-none-eabi/lib/thumb/v7e-m+fp/hard\libc_nano.a(lib_a-stdio.o)
                0x0000000008001614                __sread
 .text.__swrite
                0x0000000008001636       0x38 c:/st/stm32cubeide_1.11.2/stm32cubeide/plugins/com.st.stm32cube.ide.mcu.externaltools.gnu-tools-for-stm32.10.3-2021.10.win32_1.0.100.202210260954/tools/bin/../lib/gcc/arm-none-eabi/10.3.1/../../../../arm-none-eabi/lib/thumb/v7e-m+fp/hard\libc_nano.a(lib_a-stdio.o)
                0x0000000008001636                __swrite
 .text.__sseek  0x000000000800166e       0x24 c:/st/stm32cubeide_1.11.2/stm32cubeide/plugins/com.st.stm32cube.ide.mcu.externaltools.gnu-tools-for-stm32.10.3-2021.10.win32_1.0.100.202210260954/tools/bin/../lib/gcc/arm-none-eabi/10.3.1/../../../../arm-none-eabi/lib/thumb/v7e-m+fp/hard\libc_nano.a(lib_a-stdio.o)
                0x000000000800166e                __sseek
 .text.__sclose
                0x0000000008001692        0x8 c:/st/stm32cubeide_1.11.2/stm32cubeide/plugins/com.st.stm32cube.ide.mcu.externaltools.gnu-tools-for-stm32.10.3-2021.10.win32_1.0.100.202210260954/tools/bin/../lib/gcc/arm-none-eabi/10.3.1/../../../../arm-none-eabi/lib/thumb/v7e-m+fp/hard\libc_nano.a(lib_a-stdio.o)
                0x0000000008001692                __sclose
 *fill*         0x000000000800169a        0x2 
 .text._write_r
                0x000000000800169c       0x24 c:/st/stm32cubeide_1.11.2/stm32cubeide/plugins/com.st.stm32cube.ide.mcu.externaltools.gnu-tools-for-stm32.10.3-2021.10.win32_1.0.100.202210260954/tools/bin/../lib/gcc/arm-none-eabi/10.3.1/../../../../arm-none-eabi/lib/thumb/v7e-m+fp/hard\libc_nano.a(lib_a-writer.o)
                0x000000000800169c                _write_r
 .text._close_r
                0x00000000080016c0       0x20 c:/st/stm32cubeide_1.11.2/stm32cubeide/plugins/com.st.stm32cube.ide.mcu.externaltools.gnu-tools-for-stm32.10.3-2021.10.win32_1.0.100.202210260954/tools/bin/../lib/gcc/arm-none-eabi/10.3.1/../../../../arm-none-eabi/lib/thumb/v7e-m+fp/hard\libc_nano.a(lib_a-closer.o)
                0x00000000080016c0                _close_r
 .text._fstat_r
                0x00000000080016e0       0x24 c:/st/stm32cubeide_1.11.2/stm32cubeide/plugins/com.st.stm32cube.ide.mcu.externaltools.gnu-tools-for-stm32.10.3-2021.10.win32_1.0.100.202210260954/tools/bin/../lib/gcc/arm-none-eabi/10.3.1/../../../../arm-none-eabi/lib/thumb/v7e-m+fp/hard\libc_nano.a(lib_a-fstatr.o)
                0x00000000080016e0                _fstat_r
 .text._isatty_r
                0x0000000008001704       0x20 c:/st/stm32cubeide_1.11.2/stm32cubeide/plugins/com.st.stm32cube.ide.mcu.externaltools.gnu-tools-for-stm32.10.3-2021.10.win32_1.0.100.202210260954/tools/bin/../lib/gcc/arm-none-eabi/10.3.1/../../../../arm-none-eabi/lib/thumb/v7e-m+fp/hard\libc_nano.a(lib_a-isattyr.o)
                0x0000000008001704                _isatty_r
 .text._lseek_r
                0x0000000008001724       0x24 c:/st/stm32cubeide_1.11.2/stm32cubeide/plugins/com.st.stm32cube.ide.mcu.externaltools.gnu-tools-for-stm32.10.3-2021.10.win32_1.0.100.202210260954/tools/bin/../lib/gcc/arm-none-eabi/10.3.1/../../../../arm-none-eabi/lib/thumb/v7e-m+fp/hard\libc_nano.a(lib_a-lseekr.o)
                0x0000000008001724                _lseek_r
 .text.__malloc_lock
                0x0000000008001748        0xc c:/st/stm32cubeide_1.11.2/stm32cubeide/plugins/com.st.stm32cube.ide.mcu.externaltools.gnu-tools-for-stm32.10.3-2021.10.win32_1.0.100.202210260954/tools/bin/../lib/gcc/arm-none-eabi/10.3.1/../../../../arm-none-eabi/lib/thumb/v7e-m+fp/hard\libc_nano.a(lib_a-mlock.o)
                0x0000000008001748                __malloc_lock
 .text.__malloc_unlock
                0x0000000008001754        0xc c:/st/stm32cubeide_1.11.2/stm32cubeide/plugins/com.st.stm32cube.ide.mcu.externaltools.gnu-tools-for-stm32.10.3-2021.10.win32_1.0.100.202210260954/tools/bin/../lib/gcc/arm-none-eabi/10.3.1/../../../../arm-none-eabi/lib/thumb/v7e-m+fp/hard\libc_nano.a(lib_a-mlock.o)
                0x0000000008001754                __malloc_unlock
 .text._read_r  0x0000000008001760       0x24 c:/st/stm32cubeide_1.11.2/stm32cubeide/plugins/com.st.stm32cube.ide.mcu.externaltools.gnu-tools-for-stm32.10.3-2021.10.win32_1.0.100.202210260954/tools/bin/../lib/gcc/arm-none-eabi/10.3.1/../../../../arm-none-eabi/lib/thumb/v7e-m+fp/hard\libc_nano.a(lib_a-readr.o)
                0x0000000008001760                _read_r
 *(.glue_7)
 .glue_7        0x0000000008001784        0x0 linker stubs
 *(.glue_7t)
 .glue_7t       0x0000000008001784        0x0 linker stubs
 *(.eh_frame)
 .eh_frame      0x0000000008001784        0x0 c:/st/stm32cubeide_1.11.2/stm32cubeide/plugins/com.st.stm32cube.ide.mcu.externaltools.gnu-tools-for-stm32.10.3-2021.10.win32_1.0.100.202210260954/tools/bin/../lib/gcc/arm-none-eabi/10.3.1/thumb/v7e-m+fp/hard/crtbegin.o
 *(.init)
 .init          0x0000000008001784        0x4 c:/st/stm32cubeide_1.11.2/stm32cubeide/plugins/com.st.stm32cube.ide.mcu.externaltools.gnu-tools-for-stm32.10.3-2021.10.win32_1.0.100.202210260954/tools/bin/../lib/gcc/arm-none-eabi/10.3.1/thumb/v7e-m+fp/hard/crti.o
                0x0000000008001784                _init
 .init          0x0000000008001788        0x8 c:/st/stm32cubeide_1.11.2/stm32cubeide/plugins/com.st.stm32cube.ide.mcu.externaltools.gnu-tools-for-stm32.10.3-2021.10.win32_1.0.100.202210260954/tools/bin/../lib/gcc/arm-none-eabi/10.3.1/thumb/v7e-m+fp/hard/crtn.o
 *(.fini)
 .fini          0x0000000008001790        0x4 c:/st/stm32cubeide_1.11.2/stm32cubeide/plugins/com.st.stm32cube.ide.mcu.externaltools.gnu-tools-for-stm32.10.3-2021.10.win32_1.0.100.202210260954/tools/bin/../lib/gcc/arm-none-eabi/10.3.1/thumb/v7e-m+fp/hard/crti.o
                0x0000000008001790                _fini
 .fini          0x0000000008001794        0x8 c:/st/stm32cubeide_1.11.2/stm32cubeide/plugins/com.st.stm32cube.ide.mcu.externaltools.gnu-tools-for-stm32.10.3-2021.10.win32_1.0.100.202210260954/tools/bin/../lib/gcc/arm-none-eabi/10.3.1/thumb/v7e-m+fp/hard/crtn.o
                0x000000000800179c                . = ALIGN (0x4)
                0x000000000800179c                _etext = .

.vfp11_veneer   0x000000000800179c        0x0
 .vfp11_veneer  0x000000000800179c        0x0 linker stubs

.v4_bx          0x000000000800179c        0x0
 .v4_bx         0x000000000800179c        0x0 linker stubs

.iplt           0x000000000800179c        0x0
 .iplt          0x000000000800179c        0x0 c:/st/stm32cubeide_1.11.2/stm32cubeide/plugins/com.st.stm32cube.ide.mcu.externaltools.gnu-tools-for-stm32.10.3-2021.10.win32_1.0.100.202210260954/tools/bin/../lib/gcc/arm-none-eabi/10.3.1/thumb/v7e-m+fp/hard/crtbegin.o

.rodata         0x000000000800179c       0x90
                0x000000000800179c                . = ALIGN (0x4)
 *(.rodata)
 .rodata        0x000000000800179c       0x11 ./Src/interrupt.o
 *fill*         0x00000000080017ad        0x3 
 .rodata        0x00000000080017b0       0x15 ./Src/main.o
 *(.rodata*)
 *fill*         0x00000000080017c5        0x3 
 .rodata._global_impure_ptr
                0x00000000080017c8        0x4 c:/st/stm32cubeide_1.11.2/stm32cubeide/plugins/com.st.stm32cube.ide.mcu.externaltools.gnu-tools-for-stm32.10.3-2021.10.win32_1.0.100.202210260954/tools/bin/../lib/gcc/arm-none-eabi/10.3.1/../../../../arm-none-eabi/lib/thumb/v7e-m+fp/hard\libc_nano.a(lib_a-impure.o)
                0x00000000080017c8                _global_impure_ptr
 .rodata.__sf_fake_stderr
                0x00000000080017cc       0x20 c:/st/stm32cubeide_1.11.2/stm32cubeide/plugins/com.st.stm32cube.ide.mcu.externaltools.gnu-tools-for-stm32.10.3-2021.10.win32_1.0.100.202210260954/tools/bin/../lib/gcc/arm-none-eabi/10.3.1/../../../../arm-none-eabi/lib/thumb/v7e-m+fp/hard\libc_nano.a(lib_a-findfp.o)
                0x00000000080017cc                __sf_fake_stderr
 .rodata.__sf_fake_stdin
                0x00000000080017ec       0x20 c:/st/stm32cubeide_1.11.2/stm32cubeide/plugins/com.st.stm32cube.ide.mcu.externaltools.gnu-tools-for-stm32.10.3-2021.10.win32_1.0.100.202210260954/tools/bin/../lib/gcc/arm-none-eabi/10.3.1/../../../../arm-none-eabi/lib/thumb/v7e-m+fp/hard\libc_nano.a(lib_a-findfp.o)
                0x00000000080017ec                __sf_fake_stdin
 .rodata.__sf_fake_stdout
                0x000000000800180c       0x20 c:/st/stm32cubeide_1.11.2/stm32cubeide/plugins/com.st.stm32cube.ide.mcu.externaltools.gnu-tools-for-stm32.10.3-2021.10.win32_1.0.100.202210260954/tools/bin/../lib/gcc/arm-none-eabi/10.3.1/../../../../arm-none-eabi/lib/thumb/v7e-m+fp/hard\libc_nano.a(lib_a-findfp.o)
                0x000000000800180c                __sf_fake_stdout
                0x000000000800182c                . = ALIGN (0x4)

.rel.dyn        0x000000000800182c        0x0
 .rel.iplt      0x000000000800182c        0x0 c:/st/stm32cubeide_1.11.2/stm32cubeide/plugins/com.st.stm32cube.ide.mcu.externaltools.gnu-tools-for-stm32.10.3-2021.10.win32_1.0.100.202210260954/tools/bin/../lib/gcc/arm-none-eabi/10.3.1/thumb/v7e-m+fp/hard/crtbegin.o

.ARM.extab      0x000000000800182c        0x0
                0x000000000800182c                . = ALIGN (0x4)
 *(.ARM.extab* .gnu.linkonce.armextab.*)
                0x000000000800182c                . = ALIGN (0x4)

.ARM            0x000000000800182c        0x0
                0x000000000800182c                . = ALIGN (0x4)
                0x000000000800182c                __exidx_start = .
 *(.ARM.exidx*)
                0x000000000800182c                __exidx_end = .
                0x000000000800182c                . = ALIGN (0x4)

.preinit_array  0x000000000800182c        0x0
                0x000000000800182c                . = ALIGN (0x4)
                0x000000000800182c                PROVIDE (__preinit_array_start = .)
 *(.preinit_array*)
                0x000000000800182c                PROVIDE (__preinit_array_end = .)
                0x000000000800182c                . = ALIGN (0x4)

.init_array     0x000000000800182c        0x4
                0x000000000800182c                . = ALIGN (0x4)
                0x000000000800182c                PROVIDE (__init_array_start = .)
 *(SORT_BY_NAME(.init_array.*))
 *(.init_array*)
 .init_array    0x000000000800182c        0x4 c:/st/stm32cubeide_1.11.2/stm32cubeide/plugins/com.st.stm32cube.ide.mcu.externaltools.gnu-tools-for-stm32.10.3-2021.10.win32_1.0.100.202210260954/tools/bin/../lib/gcc/arm-none-eabi/10.3.1/thumb/v7e-m+fp/hard/crtbegin.o
                0x0000000008001830                PROVIDE (__init_array_end = .)
                0x0000000008001830                . = ALIGN (0x4)

.fini_array     0x0000000008001830        0x4
                0x0000000008001830                . = ALIGN (0x4)
                [!provide]                        PROVIDE (__fini_array_start = .)
 *(SORT_BY_NAME(.fini_array.*))
 *(.fini_array*)
 .fini_array    0x0000000008001830        0x4 c:/st/stm32cubeide_1.11.2/stm32cubeide/plugins/com.st.stm32cube.ide.mcu.externaltools.gnu-tools-for-stm32.10.3-2021.10.win32_1.0.100.202210260954/tools/bin/../lib/gcc/arm-none-eabi/10.3.1/thumb/v7e-m+fp/hard/crtbegin.o
                [!provide]                        PROVIDE (__fini_array_end = .)
                0x0000000008001834                . = ALIGN (0x4)
                0x0000000008001834                _sidata = LOADADDR (.data)

.data           0x0000000020000000       0x64 load address 0x0000000008001834
                0x0000000020000000                . = ALIGN (0x4)
                0x0000000020000000                _sdata = .
 *(.data)
 *(.data*)
 .data._impure_ptr
                0x0000000020000000        0x4 c:/st/stm32cubeide_1.11.2/stm32cubeide/plugins/com.st.stm32cube.ide.mcu.externaltools.gnu-tools-for-stm32.10.3-2021.10.win32_1.0.100.202210260954/tools/bin/../lib/gcc/arm-none-eabi/10.3.1/../../../../arm-none-eabi/lib/thumb/v7e-m+fp/hard\libc_nano.a(lib_a-impure.o)
                0x0000000020000000                _impure_ptr
 .data.impure_data
                0x0000000020000004       0x60 c:/st/stm32cubeide_1.11.2/stm32cubeide/plugins/com.st.stm32cube.ide.mcu.externaltools.gnu-tools-for-stm32.10.3-2021.10.win32_1.0.100.202210260954/tools/bin/../lib/gcc/arm-none-eabi/10.3.1/../../../../arm-none-eabi/lib/thumb/v7e-m+fp/hard\libc_nano.a(lib_a-impure.o)
 *(.RamFunc)
 *(.RamFunc*)
                0x0000000020000064                . = ALIGN (0x4)
                0x0000000020000064                _edata = .
                0x0000000008001898                _siccmsram = LOADADDR (.ccmsram)

.igot.plt       0x0000000020000064        0x0 load address 0x0000000008001898
 .igot.plt      0x0000000020000064        0x0 c:/st/stm32cubeide_1.11.2/stm32cubeide/plugins/com.st.stm32cube.ide.mcu.externaltools.gnu-tools-for-stm32.10.3-2021.10.win32_1.0.100.202210260954/tools/bin/../lib/gcc/arm-none-eabi/10.3.1/thumb/v7e-m+fp/hard/crtbegin.o

.ccmsram        0x0000000010000000        0x0 load address 0x0000000008001898
                0x0000000010000000                . = ALIGN (0x4)
                0x0000000010000000                _sccmsram = .
 *(.ccmsram)
 *(.ccmsram*)
                0x0000000010000000                . = ALIGN (0x4)
                0x0000000010000000                _eccmsram = .
                0x0000000010000000                . = ALIGN (0x4)

.bss            0x0000000020000064       0x44
                0x0000000020000064                _sbss = .
                0x0000000020000064                __bss_start__ = _sbss
 *(.bss)
 .bss           0x0000000020000064       0x1c c:/st/stm32cubeide_1.11.2/stm32cubeide/plugins/com.st.stm32cube.ide.mcu.externaltools.gnu-tools-for-stm32.10.3-2021.10.win32_1.0.100.202210260954/tools/bin/../lib/gcc/arm-none-eabi/10.3.1/thumb/v7e-m+fp/hard/crtbegin.o
 *(.bss*)
 .bss.lastStateCLK
                0x0000000020000080        0x2 ./Src/encoder.o
 .bss.currentStateCLK
                0x0000000020000082        0x1 ./Src/encoder.o
                0x0000000020000082                currentStateCLK
 .bss.currentStateDT
                0x0000000020000083        0x1 ./Src/encoder.o
                0x0000000020000083                currentStateDT
 .bss.counter   0x0000000020000084        0x4 ./Src/encoder.o
 .bss.rotationDirection
                0x0000000020000088        0x1 ./Src/encoder.o
                0x0000000020000088                rotationDirection
 *fill*         0x0000000020000089        0x1 
 .bss.gRotaryEncoderCount
                0x000000002000008a        0x2 ./Src/main.o
                0x000000002000008a                gRotaryEncoderCount
 .bss.gMotorDirection
                0x000000002000008c        0x2 ./Src/main.o
                0x000000002000008c                gMotorDirection
 .bss.gMotorSpeed
                0x000000002000008e        0x2 ./Src/main.o
                0x000000002000008e                gMotorSpeed
 .bss.motorEnc  0x0000000020000090        0x4 ./Src/main.o
                0x0000000020000090                motorEnc
 .bss.__sbrk_heap_end
                0x0000000020000094        0x4 ./Src/sysmem.o
 .bss.__lock___malloc_recursive_mutex
                0x0000000020000098        0x1 c:/st/stm32cubeide_1.11.2/stm32cubeide/plugins/com.st.stm32cube.ide.mcu.externaltools.gnu-tools-for-stm32.10.3-2021.10.win32_1.0.100.202210260954/tools/bin/../lib/gcc/arm-none-eabi/10.3.1/../../../../arm-none-eabi/lib/thumb/v7e-m+fp/hard\libc_nano.a(lib_a-lock.o)
                0x0000000020000098                __lock___malloc_recursive_mutex
 .bss.__lock___sfp_recursive_mutex
                0x0000000020000099        0x1 c:/st/stm32cubeide_1.11.2/stm32cubeide/plugins/com.st.stm32cube.ide.mcu.externaltools.gnu-tools-for-stm32.10.3-2021.10.win32_1.0.100.202210260954/tools/bin/../lib/gcc/arm-none-eabi/10.3.1/../../../../arm-none-eabi/lib/thumb/v7e-m+fp/hard\libc_nano.a(lib_a-lock.o)
                0x0000000020000099                __lock___sfp_recursive_mutex
 .bss.__lock___sinit_recursive_mutex
                0x000000002000009a        0x1 c:/st/stm32cubeide_1.11.2/stm32cubeide/plugins/com.st.stm32cube.ide.mcu.externaltools.gnu-tools-for-stm32.10.3-2021.10.win32_1.0.100.202210260954/tools/bin/../lib/gcc/arm-none-eabi/10.3.1/../../../../arm-none-eabi/lib/thumb/v7e-m+fp/hard\libc_nano.a(lib_a-lock.o)
                0x000000002000009a                __lock___sinit_recursive_mutex
 *fill*         0x000000002000009b        0x1 
 .bss.__malloc_free_list
                0x000000002000009c        0x4 c:/st/stm32cubeide_1.11.2/stm32cubeide/plugins/com.st.stm32cube.ide.mcu.externaltools.gnu-tools-for-stm32.10.3-2021.10.win32_1.0.100.202210260954/tools/bin/../lib/gcc/arm-none-eabi/10.3.1/../../../../arm-none-eabi/lib/thumb/v7e-m+fp/hard\libc_nano.a(lib_a-nano-mallocr.o)
                0x000000002000009c                __malloc_free_list
 .bss.__malloc_sbrk_start
                0x00000000200000a0        0x4 c:/st/stm32cubeide_1.11.2/stm32cubeide/plugins/com.st.stm32cube.ide.mcu.externaltools.gnu-tools-for-stm32.10.3-2021.10.win32_1.0.100.202210260954/tools/bin/../lib/gcc/arm-none-eabi/10.3.1/../../../../arm-none-eabi/lib/thumb/v7e-m+fp/hard\libc_nano.a(lib_a-nano-mallocr.o)
                0x00000000200000a0                __malloc_sbrk_start
 .bss.errno     0x00000000200000a4        0x4 c:/st/stm32cubeide_1.11.2/stm32cubeide/plugins/com.st.stm32cube.ide.mcu.externaltools.gnu-tools-for-stm32.10.3-2021.10.win32_1.0.100.202210260954/tools/bin/../lib/gcc/arm-none-eabi/10.3.1/../../../../arm-none-eabi/lib/thumb/v7e-m+fp/hard\libc_nano.a(lib_a-reent.o)
                0x00000000200000a4                errno
 *(COMMON)
                0x00000000200000a8                . = ALIGN (0x4)
                0x00000000200000a8                _ebss = .
                0x00000000200000a8                __bss_end__ = _ebss

._user_heap_stack
                0x00000000200000a8      0x600
                0x00000000200000a8                . = ALIGN (0x8)
                [!provide]                        PROVIDE (end = .)
                0x00000000200000a8                PROVIDE (_end = .)
                0x00000000200002a8                . = (. + _Min_Heap_Size)
 *fill*         0x00000000200000a8      0x200 
                0x00000000200006a8                . = (. + _Min_Stack_Size)
 *fill*         0x00000000200002a8      0x400 
                0x00000000200006a8                . = ALIGN (0x8)

/DISCARD/
 libc.a(*)
 libm.a(*)
 libgcc.a(*)

.ARM.attributes
                0x0000000000000000       0x30
 *(.ARM.attributes)
 .ARM.attributes
                0x0000000000000000       0x1e c:/st/stm32cubeide_1.11.2/stm32cubeide/plugins/com.st.stm32cube.ide.mcu.externaltools.gnu-tools-for-stm32.10.3-2021.10.win32_1.0.100.202210260954/tools/bin/../lib/gcc/arm-none-eabi/10.3.1/thumb/v7e-m+fp/hard/crti.o
 .ARM.attributes
                0x000000000000001e       0x34 c:/st/stm32cubeide_1.11.2/stm32cubeide/plugins/com.st.stm32cube.ide.mcu.externaltools.gnu-tools-for-stm32.10.3-2021.10.win32_1.0.100.202210260954/tools/bin/../lib/gcc/arm-none-eabi/10.3.1/thumb/v7e-m+fp/hard/crtbegin.o
 .ARM.attributes
                0x0000000000000052       0x34 ./Src/clockconfig.o
 .ARM.attributes
                0x0000000000000086       0x34 ./Src/encoder.o
 .ARM.attributes
                0x00000000000000ba       0x34 ./Src/gpio.o
 .ARM.attributes
                0x00000000000000ee       0x34 ./Src/interrupt.o
 .ARM.attributes
                0x0000000000000122       0x34 ./Src/main.o
 .ARM.attributes
                0x0000000000000156       0x34 ./Src/motor.o
 .ARM.attributes
                0x000000000000018a       0x34 ./Src/syscalls.o
 .ARM.attributes
                0x00000000000001be       0x34 ./Src/sysmem.o
 .ARM.attributes
                0x00000000000001f2       0x34 ./Src/system_stm32g4xx.o
 .ARM.attributes
                0x0000000000000226       0x34 ./Src/timer.o
 .ARM.attributes
                0x000000000000025a       0x21 ./Startup/startup_stm32g431rbtx.o
 .ARM.attributes
                0x000000000000027b       0x34 c:/st/stm32cubeide_1.11.2/stm32cubeide/plugins/com.st.stm32cube.ide.mcu.externaltools.gnu-tools-for-stm32.10.3-2021.10.win32_1.0.100.202210260954/tools/bin/../lib/gcc/arm-none-eabi/10.3.1/../../../../arm-none-eabi/lib/thumb/v7e-m+fp/hard\libc_nano.a(lib_a-errno.o)
 .ARM.attributes
                0x00000000000002af       0x34 c:/st/stm32cubeide_1.11.2/stm32cubeide/plugins/com.st.stm32cube.ide.mcu.externaltools.gnu-tools-for-stm32.10.3-2021.10.win32_1.0.100.202210260954/tools/bin/../lib/gcc/arm-none-eabi/10.3.1/../../../../arm-none-eabi/lib/thumb/v7e-m+fp/hard\libc_nano.a(lib_a-impure.o)
 .ARM.attributes
                0x00000000000002e3       0x34 c:/st/stm32cubeide_1.11.2/stm32cubeide/plugins/com.st.stm32cube.ide.mcu.externaltools.gnu-tools-for-stm32.10.3-2021.10.win32_1.0.100.202210260954/tools/bin/../lib/gcc/arm-none-eabi/10.3.1/../../../../arm-none-eabi/lib/thumb/v7e-m+fp/hard\libc_nano.a(lib_a-init.o)
 .ARM.attributes
                0x0000000000000317       0x34 c:/st/stm32cubeide_1.11.2/stm32cubeide/plugins/com.st.stm32cube.ide.mcu.externaltools.gnu-tools-for-stm32.10.3-2021.10.win32_1.0.100.202210260954/tools/bin/../lib/gcc/arm-none-eabi/10.3.1/../../../../arm-none-eabi/lib/thumb/v7e-m+fp/hard\libc_nano.a(lib_a-memset.o)
 .ARM.attributes
                0x000000000000034b       0x34 c:/st/stm32cubeide_1.11.2/stm32cubeide/plugins/com.st.stm32cube.ide.mcu.externaltools.gnu-tools-for-stm32.10.3-2021.10.win32_1.0.100.202210260954/tools/bin/../lib/gcc/arm-none-eabi/10.3.1/../../../../arm-none-eabi/lib/thumb/v7e-m+fp/hard\libc_nano.a(lib_a-puts.o)
 .ARM.attributes
                0x000000000000037f       0x34 c:/st/stm32cubeide_1.11.2/stm32cubeide/plugins/com.st.stm32cube.ide.mcu.externaltools.gnu-tools-for-stm32.10.3-2021.10.win32_1.0.100.202210260954/tools/bin/../lib/gcc/arm-none-eabi/10.3.1/../../../../arm-none-eabi/lib/thumb/v7e-m+fp/hard\libc_nano.a(lib_a-wbuf.o)
 .ARM.attributes
                0x00000000000003b3       0x34 c:/st/stm32cubeide_1.11.2/stm32cubeide/plugins/com.st.stm32cube.ide.mcu.externaltools.gnu-tools-for-stm32.10.3-2021.10.win32_1.0.100.202210260954/tools/bin/../lib/gcc/arm-none-eabi/10.3.1/../../../../arm-none-eabi/lib/thumb/v7e-m+fp/hard\libc_nano.a(lib_a-wsetup.o)
 .ARM.attributes
                0x00000000000003e7       0x34 c:/st/stm32cubeide_1.11.2/stm32cubeide/plugins/com.st.stm32cube.ide.mcu.externaltools.gnu-tools-for-stm32.10.3-2021.10.win32_1.0.100.202210260954/tools/bin/../lib/gcc/arm-none-eabi/10.3.1/../../../../arm-none-eabi/lib/thumb/v7e-m+fp/hard\libc_nano.a(lib_a-fflush.o)
 .ARM.attributes
                0x000000000000041b       0x34 c:/st/stm32cubeide_1.11.2/stm32cubeide/plugins/com.st.stm32cube.ide.mcu.externaltools.gnu-tools-for-stm32.10.3-2021.10.win32_1.0.100.202210260954/tools/bin/../lib/gcc/arm-none-eabi/10.3.1/../../../../arm-none-eabi/lib/thumb/v7e-m+fp/hard\libc_nano.a(lib_a-findfp.o)
 .ARM.attributes
                0x000000000000044f       0x34 c:/st/stm32cubeide_1.11.2/stm32cubeide/plugins/com.st.stm32cube.ide.mcu.externaltools.gnu-tools-for-stm32.10.3-2021.10.win32_1.0.100.202210260954/tools/bin/../lib/gcc/arm-none-eabi/10.3.1/../../../../arm-none-eabi/lib/thumb/v7e-m+fp/hard\libc_nano.a(lib_a-fwalk.o)
 .ARM.attributes
                0x0000000000000483       0x34 c:/st/stm32cubeide_1.11.2/stm32cubeide/plugins/com.st.stm32cube.ide.mcu.externaltools.gnu-tools-for-stm32.10.3-2021.10.win32_1.0.100.202210260954/tools/bin/../lib/gcc/arm-none-eabi/10.3.1/../../../../arm-none-eabi/lib/thumb/v7e-m+fp/hard\libc_nano.a(lib_a-lock.o)
 .ARM.attributes
                0x00000000000004b7       0x34 c:/st/stm32cubeide_1.11.2/stm32cubeide/plugins/com.st.stm32cube.ide.mcu.externaltools.gnu-tools-for-stm32.10.3-2021.10.win32_1.0.100.202210260954/tools/bin/../lib/gcc/arm-none-eabi/10.3.1/../../../../arm-none-eabi/lib/thumb/v7e-m+fp/hard\libc_nano.a(lib_a-makebuf.o)
 .ARM.attributes
                0x00000000000004eb       0x34 c:/st/stm32cubeide_1.11.2/stm32cubeide/plugins/com.st.stm32cube.ide.mcu.externaltools.gnu-tools-for-stm32.10.3-2021.10.win32_1.0.100.202210260954/tools/bin/../lib/gcc/arm-none-eabi/10.3.1/../../../../arm-none-eabi/lib/thumb/v7e-m+fp/hard\libc_nano.a(lib_a-nano-freer.o)
 .ARM.attributes
                0x000000000000051f       0x34 c:/st/stm32cubeide_1.11.2/stm32cubeide/plugins/com.st.stm32cube.ide.mcu.externaltools.gnu-tools-for-stm32.10.3-2021.10.win32_1.0.100.202210260954/tools/bin/../lib/gcc/arm-none-eabi/10.3.1/../../../../arm-none-eabi/lib/thumb/v7e-m+fp/hard\libc_nano.a(lib_a-nano-mallocr.o)
 .ARM.attributes
                0x0000000000000553       0x34 c:/st/stm32cubeide_1.11.2/stm32cubeide/plugins/com.st.stm32cube.ide.mcu.externaltools.gnu-tools-for-stm32.10.3-2021.10.win32_1.0.100.202210260954/tools/bin/../lib/gcc/arm-none-eabi/10.3.1/../../../../arm-none-eabi/lib/thumb/v7e-m+fp/hard\libc_nano.a(lib_a-sbrkr.o)
 .ARM.attributes
                0x0000000000000587       0x34 c:/st/stm32cubeide_1.11.2/stm32cubeide/plugins/com.st.stm32cube.ide.mcu.externaltools.gnu-tools-for-stm32.10.3-2021.10.win32_1.0.100.202210260954/tools/bin/../lib/gcc/arm-none-eabi/10.3.1/../../../../arm-none-eabi/lib/thumb/v7e-m+fp/hard\libc_nano.a(lib_a-stdio.o)
 .ARM.attributes
                0x00000000000005bb       0x34 c:/st/stm32cubeide_1.11.2/stm32cubeide/plugins/com.st.stm32cube.ide.mcu.externaltools.gnu-tools-for-stm32.10.3-2021.10.win32_1.0.100.202210260954/tools/bin/../lib/gcc/arm-none-eabi/10.3.1/../../../../arm-none-eabi/lib/thumb/v7e-m+fp/hard\libc_nano.a(lib_a-writer.o)
 .ARM.attributes
                0x00000000000005ef       0x34 c:/st/stm32cubeide_1.11.2/stm32cubeide/plugins/com.st.stm32cube.ide.mcu.externaltools.gnu-tools-for-stm32.10.3-2021.10.win32_1.0.100.202210260954/tools/bin/../lib/gcc/arm-none-eabi/10.3.1/../../../../arm-none-eabi/lib/thumb/v7e-m+fp/hard\libc_nano.a(lib_a-closer.o)
 .ARM.attributes
                0x0000000000000623       0x34 c:/st/stm32cubeide_1.11.2/stm32cubeide/plugins/com.st.stm32cube.ide.mcu.externaltools.gnu-tools-for-stm32.10.3-2021.10.win32_1.0.100.202210260954/tools/bin/../lib/gcc/arm-none-eabi/10.3.1/../../../../arm-none-eabi/lib/thumb/v7e-m+fp/hard\libc_nano.a(lib_a-fstatr.o)
 .ARM.attributes
                0x0000000000000657       0x34 c:/st/stm32cubeide_1.11.2/stm32cubeide/plugins/com.st.stm32cube.ide.mcu.externaltools.gnu-tools-for-stm32.10.3-2021.10.win32_1.0.100.202210260954/tools/bin/../lib/gcc/arm-none-eabi/10.3.1/../../../../arm-none-eabi/lib/thumb/v7e-m+fp/hard\libc_nano.a(lib_a-isattyr.o)
 .ARM.attributes
                0x000000000000068b       0x34 c:/st/stm32cubeide_1.11.2/stm32cubeide/plugins/com.st.stm32cube.ide.mcu.externaltools.gnu-tools-for-stm32.10.3-2021.10.win32_1.0.100.202210260954/tools/bin/../lib/gcc/arm-none-eabi/10.3.1/../../../../arm-none-eabi/lib/thumb/v7e-m+fp/hard\libc_nano.a(lib_a-lseekr.o)
 .ARM.attributes
                0x00000000000006bf       0x34 c:/st/stm32cubeide_1.11.2/stm32cubeide/plugins/com.st.stm32cube.ide.mcu.externaltools.gnu-tools-for-stm32.10.3-2021.10.win32_1.0.100.202210260954/tools/bin/../lib/gcc/arm-none-eabi/10.3.1/../../../../arm-none-eabi/lib/thumb/v7e-m+fp/hard\libc_nano.a(lib_a-mlock.o)
 .ARM.attributes
                0x00000000000006f3       0x34 c:/st/stm32cubeide_1.11.2/stm32cubeide/plugins/com.st.stm32cube.ide.mcu.externaltools.gnu-tools-for-stm32.10.3-2021.10.win32_1.0.100.202210260954/tools/bin/../lib/gcc/arm-none-eabi/10.3.1/../../../../arm-none-eabi/lib/thumb/v7e-m+fp/hard\libc_nano.a(lib_a-readr.o)
 .ARM.attributes
                0x0000000000000727       0x34 c:/st/stm32cubeide_1.11.2/stm32cubeide/plugins/com.st.stm32cube.ide.mcu.externaltools.gnu-tools-for-stm32.10.3-2021.10.win32_1.0.100.202210260954/tools/bin/../lib/gcc/arm-none-eabi/10.3.1/../../../../arm-none-eabi/lib/thumb/v7e-m+fp/hard\libc_nano.a(lib_a-reent.o)
 .ARM.attributes
                0x000000000000075b       0x1e c:/st/stm32cubeide_1.11.2/stm32cubeide/plugins/com.st.stm32cube.ide.mcu.externaltools.gnu-tools-for-stm32.10.3-2021.10.win32_1.0.100.202210260954/tools/bin/../lib/gcc/arm-none-eabi/10.3.1/thumb/v7e-m+fp/hard/crtn.o
OUTPUT(STM32_DCMotor_Encoder_Display.elf elf32-littlearm)
LOAD linker stubs
LOAD c:/st/stm32cubeide_1.11.2/stm32cubeide/plugins/com.st.stm32cube.ide.mcu.externaltools.gnu-tools-for-stm32.10.3-2021.10.win32_1.0.100.202210260954/tools/bin/../lib/gcc/arm-none-eabi/10.3.1/../../../../arm-none-eabi/lib/thumb/v7e-m+fp/hard\libc.a
LOAD c:/st/stm32cubeide_1.11.2/stm32cubeide/plugins/com.st.stm32cube.ide.mcu.externaltools.gnu-tools-for-stm32.10.3-2021.10.win32_1.0.100.202210260954/tools/bin/../lib/gcc/arm-none-eabi/10.3.1/../../../../arm-none-eabi/lib/thumb/v7e-m+fp/hard\libm.a
LOAD c:/st/stm32cubeide_1.11.2/stm32cubeide/plugins/com.st.stm32cube.ide.mcu.externaltools.gnu-tools-for-stm32.10.3-2021.10.win32_1.0.100.202210260954/tools/bin/../lib/gcc/arm-none-eabi/10.3.1/thumb/v7e-m+fp/hard\libgcc.a

.debug_info     0x0000000000000000     0x2f33
 .debug_info    0x0000000000000000      0x3de ./Src/clockconfig.o
 .debug_info    0x00000000000003de      0x237 ./Src/encoder.o
 .debug_info    0x0000000000000615      0x267 ./Src/gpio.o
 .debug_info    0x000000000000087c      0xb22 ./Src/interrupt.o
 .debug_info    0x000000000000139e      0x6c3 ./Src/main.o
 .debug_info    0x0000000000001a61      0x425 ./Src/motor.o
 .debug_info    0x0000000000001e86      0x6e0 ./Src/syscalls.o
 .debug_info    0x0000000000002566      0x171 ./Src/sysmem.o
 .debug_info    0x00000000000026d7      0x598 ./Src/system_stm32g4xx.o
 .debug_info    0x0000000000002c6f      0x2a2 ./Src/timer.o
 .debug_info    0x0000000000002f11       0x22 ./Startup/startup_stm32g431rbtx.o

.debug_abbrev   0x0000000000000000      0xc8b
 .debug_abbrev  0x0000000000000000       0xad ./Src/clockconfig.o
 .debug_abbrev  0x00000000000000ad       0xfa ./Src/encoder.o
 .debug_abbrev  0x00000000000001a7      0x11d ./Src/gpio.o
 .debug_abbrev  0x00000000000002c4      0x1dc ./Src/interrupt.o
 .debug_abbrev  0x00000000000004a0      0x20b ./Src/main.o
 .debug_abbrev  0x00000000000006ab      0x17b ./Src/motor.o
 .debug_abbrev  0x0000000000000826      0x1b3 ./Src/syscalls.o
 .debug_abbrev  0x00000000000009d9       0xbb ./Src/sysmem.o
 .debug_abbrev  0x0000000000000a94      0x116 ./Src/system_stm32g4xx.o
 .debug_abbrev  0x0000000000000baa       0xcf ./Src/timer.o
 .debug_abbrev  0x0000000000000c79       0x12 ./Startup/startup_stm32g431rbtx.o

.debug_aranges  0x0000000000000000      0x270
 .debug_aranges
                0x0000000000000000       0x20 ./Src/clockconfig.o
 .debug_aranges
                0x0000000000000020       0x20 ./Src/encoder.o
 .debug_aranges
                0x0000000000000040       0x38 ./Src/gpio.o
 .debug_aranges
                0x0000000000000078       0x48 ./Src/interrupt.o
 .debug_aranges
                0x00000000000000c0       0x30 ./Src/main.o
 .debug_aranges
                0x00000000000000f0       0x30 ./Src/motor.o
 .debug_aranges
                0x0000000000000120       0xa8 ./Src/syscalls.o
 .debug_aranges
                0x00000000000001c8       0x20 ./Src/sysmem.o
 .debug_aranges
                0x00000000000001e8       0x28 ./Src/system_stm32g4xx.o
 .debug_aranges
                0x0000000000000210       0x38 ./Src/timer.o
 .debug_aranges
                0x0000000000000248       0x28 ./Startup/startup_stm32g431rbtx.o

.debug_ranges   0x0000000000000000      0x1c8
 .debug_ranges  0x0000000000000000       0x10 ./Src/clockconfig.o
 .debug_ranges  0x0000000000000010       0x10 ./Src/encoder.o
 .debug_ranges  0x0000000000000020       0x28 ./Src/gpio.o
 .debug_ranges  0x0000000000000048       0x38 ./Src/interrupt.o
 .debug_ranges  0x0000000000000080       0x20 ./Src/main.o
 .debug_ranges  0x00000000000000a0       0x20 ./Src/motor.o
 .debug_ranges  0x00000000000000c0       0x98 ./Src/syscalls.o
 .debug_ranges  0x0000000000000158       0x10 ./Src/sysmem.o
 .debug_ranges  0x0000000000000168       0x18 ./Src/system_stm32g4xx.o
 .debug_ranges  0x0000000000000180       0x28 ./Src/timer.o
 .debug_ranges  0x00000000000001a8       0x20 ./Startup/startup_stm32g431rbtx.o

.debug_macro    0x0000000000000000    0x1517b
 .debug_macro   0x0000000000000000       0xc9 ./Src/clockconfig.o
 .debug_macro   0x00000000000000c9       0x28 ./Src/clockconfig.o
 .debug_macro   0x00000000000000f1       0x22 ./Src/clockconfig.o
 .debug_macro   0x0000000000000113       0x8e ./Src/clockconfig.o
 .debug_macro   0x00000000000001a1       0x51 ./Src/clockconfig.o
 .debug_macro   0x00000000000001f2      0x103 ./Src/clockconfig.o
 .debug_macro   0x00000000000002f5       0x6a ./Src/clockconfig.o
 .debug_macro   0x000000000000035f      0x1df ./Src/clockconfig.o
 .debug_macro   0x000000000000053e       0x1c ./Src/clockconfig.o
 .debug_macro   0x000000000000055a       0x22 ./Src/clockconfig.o
 .debug_macro   0x000000000000057c       0xfb ./Src/clockconfig.o
 .debug_macro   0x0000000000000677     0x1011 ./Src/clockconfig.o
 .debug_macro   0x0000000000001688      0x11f ./Src/clockconfig.o
 .debug_macro   0x00000000000017a7    0x11396 ./Src/clockconfig.o
 .debug_macro   0x0000000000012b3d       0xea ./Src/encoder.o
 .debug_macro   0x0000000000012c27       0x28 ./Src/encoder.o
 .debug_macro   0x0000000000012c4f       0x6d ./Src/encoder.o
 .debug_macro   0x0000000000012cbc      0x100 ./Src/encoder.o
 .debug_macro   0x0000000000012dbc       0xe0 ./Src/gpio.o
 .debug_macro   0x0000000000012e9c      0x26b ./Src/interrupt.o
 .debug_macro   0x0000000000013107       0x52 ./Src/interrupt.o
 .debug_macro   0x0000000000013159       0x1e ./Src/interrupt.o
 .debug_macro   0x0000000000013177       0x3c ./Src/interrupt.o
 .debug_macro   0x00000000000131b3       0x34 ./Src/interrupt.o
 .debug_macro   0x00000000000131e7       0x16 ./Src/interrupt.o
 .debug_macro   0x00000000000131fd       0x97 ./Src/interrupt.o
 .debug_macro   0x0000000000013294      0x341 ./Src/interrupt.o
 .debug_macro   0x00000000000135d5       0xfd ./Src/interrupt.o
 .debug_macro   0x00000000000136d2       0x10 ./Src/interrupt.o
 .debug_macro   0x00000000000136e2       0x16 ./Src/interrupt.o
 .debug_macro   0x00000000000136f8       0x43 ./Src/interrupt.o
 .debug_macro   0x000000000001373b       0x34 ./Src/interrupt.o
 .debug_macro   0x000000000001376f       0x10 ./Src/interrupt.o
 .debug_macro   0x000000000001377f       0x58 ./Src/interrupt.o
 .debug_macro   0x00000000000137d7       0x71 ./Src/interrupt.o
 .debug_macro   0x0000000000013848       0x1c ./Src/interrupt.o
 .debug_macro   0x0000000000013864      0x12a ./Src/interrupt.o
 .debug_macro   0x000000000001398e       0x10 ./Src/interrupt.o
 .debug_macro   0x000000000001399e       0x1c ./Src/interrupt.o
 .debug_macro   0x00000000000139ba       0x52 ./Src/interrupt.o
 .debug_macro   0x0000000000013a0c       0x22 ./Src/interrupt.o
 .debug_macro   0x0000000000013a2e       0x10 ./Src/interrupt.o
 .debug_macro   0x0000000000013a3e       0x52 ./Src/interrupt.o
 .debug_macro   0x0000000000013a90       0xd5 ./Src/interrupt.o
 .debug_macro   0x0000000000013b65       0x1c ./Src/interrupt.o
 .debug_macro   0x0000000000013b81       0x3d ./Src/interrupt.o
 .debug_macro   0x0000000000013bbe       0x16 ./Src/interrupt.o
 .debug_macro   0x0000000000013bd4      0x145 ./Src/interrupt.o
 .debug_macro   0x0000000000013d19       0x28 ./Src/interrupt.o
 .debug_macro   0x0000000000013d41      0x279 ./Src/main.o
 .debug_macro   0x0000000000013fba       0x4c ./Src/main.o
 .debug_macro   0x0000000000014006       0x94 ./Src/main.o
 .debug_macro   0x000000000001409a       0x57 ./Src/main.o
 .debug_macro   0x00000000000140f1       0xe9 ./Src/motor.o
 .debug_macro   0x00000000000141da      0x24c ./Src/syscalls.o
 .debug_macro   0x0000000000014426      0x174 ./Src/syscalls.o
 .debug_macro   0x000000000001459a       0x10 ./Src/syscalls.o
 .debug_macro   0x00000000000145aa       0x35 ./Src/syscalls.o
 .debug_macro   0x00000000000145df       0x10 ./Src/syscalls.o
 .debug_macro   0x00000000000145ef       0x10 ./Src/syscalls.o
 .debug_macro   0x00000000000145ff       0x35 ./Src/syscalls.o
 .debug_macro   0x0000000000014634      0x12c ./Src/syscalls.o
 .debug_macro   0x0000000000014760       0x16 ./Src/syscalls.o
 .debug_macro   0x0000000000014776       0x16 ./Src/syscalls.o
 .debug_macro   0x000000000001478c       0x29 ./Src/syscalls.o
 .debug_macro   0x00000000000147b5       0x10 ./Src/syscalls.o
 .debug_macro   0x00000000000147c5      0x241 ./Src/syscalls.o
 .debug_macro   0x0000000000014a06       0x1c ./Src/syscalls.o
 .debug_macro   0x0000000000014a22       0x10 ./Src/syscalls.o
 .debug_macro   0x0000000000014a32      0x189 ./Src/syscalls.o
 .debug_macro   0x0000000000014bbb       0x16 ./Src/syscalls.o
 .debug_macro   0x0000000000014bd1       0xce ./Src/syscalls.o
 .debug_macro   0x0000000000014c9f       0xff ./Src/sysmem.o
 .debug_macro   0x0000000000014d9e      0x23b ./Src/sysmem.o
 .debug_macro   0x0000000000014fd9       0xd9 ./Src/system_stm32g4xx.o
 .debug_macro   0x00000000000150b2       0xc9 ./Src/timer.o

.debug_line     0x0000000000000000     0x3df2
 .debug_line    0x0000000000000000      0x567 ./Src/clockconfig.o
 .debug_line    0x0000000000000567      0x541 ./Src/encoder.o
 .debug_line    0x0000000000000aa8      0x598 ./Src/gpio.o
 .debug_line    0x0000000000001040      0x833 ./Src/interrupt.o
 .debug_line    0x0000000000001873      0x7da ./Src/main.o
 .debug_line    0x000000000000204d      0x553 ./Src/motor.o
 .debug_line    0x00000000000025a0      0x7f9 ./Src/syscalls.o
 .debug_line    0x0000000000002d99      0x4ef ./Src/sysmem.o
 .debug_line    0x0000000000003288      0x568 ./Src/system_stm32g4xx.o
 .debug_line    0x00000000000037f0      0x57e ./Src/timer.o
 .debug_line    0x0000000000003d6e       0x84 ./Startup/startup_stm32g431rbtx.o

.debug_str      0x0000000000000000    0x76260
 .debug_str     0x0000000000000000    0x6f4b1 ./Src/clockconfig.o
                                      0x6f64e (size before relaxing)
 .debug_str     0x000000000006f4b1      0xc14 ./Src/encoder.o
                                      0x700ab (size before relaxing)
 .debug_str     0x00000000000700c5       0x5e ./Src/gpio.o
                                      0x7006f (size before relaxing)
 .debug_str     0x0000000000070123     0x47a1 ./Src/interrupt.o
                                      0x748f6 (size before relaxing)
 .debug_str     0x00000000000748c4       0xc5 ./Src/main.o
                                      0x743a5 (size before relaxing)
 .debug_str     0x0000000000074989       0x2e ./Src/motor.o
                                      0x70203 (size before relaxing)
 .debug_str     0x00000000000749b7     0x1759 ./Src/syscalls.o
                                       0x8aa8 (size before relaxing)
 .debug_str     0x0000000000076110       0x66 ./Src/sysmem.o
                                       0x5de4 (size before relaxing)
 .debug_str     0x0000000000076176       0xaa ./Src/system_stm32g4xx.o
                                      0x6fde8 (size before relaxing)
 .debug_str     0x0000000000076220        0xf ./Src/timer.o
                                      0x6f51e (size before relaxing)
 .debug_str     0x000000000007622f       0x31 ./Startup/startup_stm32g431rbtx.o
                                         0x85 (size before relaxing)

.comment        0x0000000000000000       0x50
 .comment       0x0000000000000000       0x50 ./Src/clockconfig.o
                                         0x51 (size before relaxing)
 .comment       0x0000000000000050       0x51 ./Src/encoder.o
 .comment       0x0000000000000050       0x51 ./Src/gpio.o
 .comment       0x0000000000000050       0x51 ./Src/interrupt.o
 .comment       0x0000000000000050       0x51 ./Src/main.o
 .comment       0x0000000000000050       0x51 ./Src/motor.o
 .comment       0x0000000000000050       0x51 ./Src/syscalls.o
 .comment       0x0000000000000050       0x51 ./Src/sysmem.o
 .comment       0x0000000000000050       0x51 ./Src/system_stm32g4xx.o
 .comment       0x0000000000000050       0x51 ./Src/timer.o

.debug_frame    0x0000000000000000      0xd80
 .debug_frame   0x0000000000000000       0x30 ./Src/clockconfig.o
 .debug_frame   0x0000000000000030       0x2c ./Src/encoder.o
 .debug_frame   0x000000000000005c       0xa8 ./Src/gpio.o
 .debug_frame   0x0000000000000104       0xd4 ./Src/interrupt.o
 .debug_frame   0x00000000000001d8       0x78 ./Src/main.o
 .debug_frame   0x0000000000000250       0x84 ./Src/motor.o
 .debug_frame   0x00000000000002d4      0x2ac ./Src/syscalls.o
 .debug_frame   0x0000000000000580       0x34 ./Src/sysmem.o
 .debug_frame   0x00000000000005b4       0x58 ./Src/system_stm32g4xx.o
 .debug_frame   0x000000000000060c       0x90 ./Src/timer.o
 .debug_frame   0x000000000000069c       0x20 c:/st/stm32cubeide_1.11.2/stm32cubeide/plugins/com.st.stm32cube.ide.mcu.externaltools.gnu-tools-for-stm32.10.3-2021.10.win32_1.0.100.202210260954/tools/bin/../lib/gcc/arm-none-eabi/10.3.1/../../../../arm-none-eabi/lib/thumb/v7e-m+fp/hard\libc_nano.a(lib_a-errno.o)
 .debug_frame   0x00000000000006bc       0x2c c:/st/stm32cubeide_1.11.2/stm32cubeide/plugins/com.st.stm32cube.ide.mcu.externaltools.gnu-tools-for-stm32.10.3-2021.10.win32_1.0.100.202210260954/tools/bin/../lib/gcc/arm-none-eabi/10.3.1/../../../../arm-none-eabi/lib/thumb/v7e-m+fp/hard\libc_nano.a(lib_a-init.o)
 .debug_frame   0x00000000000006e8       0x20 c:/st/stm32cubeide_1.11.2/stm32cubeide/plugins/com.st.stm32cube.ide.mcu.externaltools.gnu-tools-for-stm32.10.3-2021.10.win32_1.0.100.202210260954/tools/bin/../lib/gcc/arm-none-eabi/10.3.1/../../../../arm-none-eabi/lib/thumb/v7e-m+fp/hard\libc_nano.a(lib_a-memset.o)
 .debug_frame   0x0000000000000708       0x3c c:/st/stm32cubeide_1.11.2/stm32cubeide/plugins/com.st.stm32cube.ide.mcu.externaltools.gnu-tools-for-stm32.10.3-2021.10.win32_1.0.100.202210260954/tools/bin/../lib/gcc/arm-none-eabi/10.3.1/../../../../arm-none-eabi/lib/thumb/v7e-m+fp/hard\libc_nano.a(lib_a-puts.o)
 .debug_frame   0x0000000000000744       0x40 c:/st/stm32cubeide_1.11.2/stm32cubeide/plugins/com.st.stm32cube.ide.mcu.externaltools.gnu-tools-for-stm32.10.3-2021.10.win32_1.0.100.202210260954/tools/bin/../lib/gcc/arm-none-eabi/10.3.1/../../../../arm-none-eabi/lib/thumb/v7e-m+fp/hard\libc_nano.a(lib_a-wbuf.o)
 .debug_frame   0x0000000000000784       0x2c c:/st/stm32cubeide_1.11.2/stm32cubeide/plugins/com.st.stm32cube.ide.mcu.externaltools.gnu-tools-for-stm32.10.3-2021.10.win32_1.0.100.202210260954/tools/bin/../lib/gcc/arm-none-eabi/10.3.1/../../../../arm-none-eabi/lib/thumb/v7e-m+fp/hard\libc_nano.a(lib_a-wsetup.o)
 .debug_frame   0x00000000000007b0       0x5c c:/st/stm32cubeide_1.11.2/stm32cubeide/plugins/com.st.stm32cube.ide.mcu.externaltools.gnu-tools-for-stm32.10.3-2021.10.win32_1.0.100.202210260954/tools/bin/../lib/gcc/arm-none-eabi/10.3.1/../../../../arm-none-eabi/lib/thumb/v7e-m+fp/hard\libc_nano.a(lib_a-fflush.o)
 .debug_frame   0x000000000000080c      0x14c c:/st/stm32cubeide_1.11.2/stm32cubeide/plugins/com.st.stm32cube.ide.mcu.externaltools.gnu-tools-for-stm32.10.3-2021.10.win32_1.0.100.202210260954/tools/bin/../lib/gcc/arm-none-eabi/10.3.1/../../../../arm-none-eabi/lib/thumb/v7e-m+fp/hard\libc_nano.a(lib_a-findfp.o)
 .debug_frame   0x0000000000000958       0x54 c:/st/stm32cubeide_1.11.2/stm32cubeide/plugins/com.st.stm32cube.ide.mcu.externaltools.gnu-tools-for-stm32.10.3-2021.10.win32_1.0.100.202210260954/tools/bin/../lib/gcc/arm-none-eabi/10.3.1/../../../../arm-none-eabi/lib/thumb/v7e-m+fp/hard\libc_nano.a(lib_a-fwalk.o)
 .debug_frame   0x00000000000009ac       0xb0 c:/st/stm32cubeide_1.11.2/stm32cubeide/plugins/com.st.stm32cube.ide.mcu.externaltools.gnu-tools-for-stm32.10.3-2021.10.win32_1.0.100.202210260954/tools/bin/../lib/gcc/arm-none-eabi/10.3.1/../../../../arm-none-eabi/lib/thumb/v7e-m+fp/hard\libc_nano.a(lib_a-lock.o)
 .debug_frame   0x0000000000000a5c       0x58 c:/st/stm32cubeide_1.11.2/stm32cubeide/plugins/com.st.stm32cube.ide.mcu.externaltools.gnu-tools-for-stm32.10.3-2021.10.win32_1.0.100.202210260954/tools/bin/../lib/gcc/arm-none-eabi/10.3.1/../../../../arm-none-eabi/lib/thumb/v7e-m+fp/hard\libc_nano.a(lib_a-makebuf.o)
 .debug_frame   0x0000000000000ab4       0x38 c:/st/stm32cubeide_1.11.2/stm32cubeide/plugins/com.st.stm32cube.ide.mcu.externaltools.gnu-tools-for-stm32.10.3-2021.10.win32_1.0.100.202210260954/tools/bin/../lib/gcc/arm-none-eabi/10.3.1/../../../../arm-none-eabi/lib/thumb/v7e-m+fp/hard\libc_nano.a(lib_a-nano-freer.o)
 .debug_frame   0x0000000000000aec       0x4c c:/st/stm32cubeide_1.11.2/stm32cubeide/plugins/com.st.stm32cube.ide.mcu.externaltools.gnu-tools-for-stm32.10.3-2021.10.win32_1.0.100.202210260954/tools/bin/../lib/gcc/arm-none-eabi/10.3.1/../../../../arm-none-eabi/lib/thumb/v7e-m+fp/hard\libc_nano.a(lib_a-nano-mallocr.o)
 .debug_frame   0x0000000000000b38       0x2c c:/st/stm32cubeide_1.11.2/stm32cubeide/plugins/com.st.stm32cube.ide.mcu.externaltools.gnu-tools-for-stm32.10.3-2021.10.win32_1.0.100.202210260954/tools/bin/../lib/gcc/arm-none-eabi/10.3.1/../../../../arm-none-eabi/lib/thumb/v7e-m+fp/hard\libc_nano.a(lib_a-sbrkr.o)
 .debug_frame   0x0000000000000b64       0x88 c:/st/stm32cubeide_1.11.2/stm32cubeide/plugins/com.st.stm32cube.ide.mcu.externaltools.gnu-tools-for-stm32.10.3-2021.10.win32_1.0.100.202210260954/tools/bin/../lib/gcc/arm-none-eabi/10.3.1/../../../../arm-none-eabi/lib/thumb/v7e-m+fp/hard\libc_nano.a(lib_a-stdio.o)
 .debug_frame   0x0000000000000bec       0x2c c:/st/stm32cubeide_1.11.2/stm32cubeide/plugins/com.st.stm32cube.ide.mcu.externaltools.gnu-tools-for-stm32.10.3-2021.10.win32_1.0.100.202210260954/tools/bin/../lib/gcc/arm-none-eabi/10.3.1/../../../../arm-none-eabi/lib/thumb/v7e-m+fp/hard\libc_nano.a(lib_a-writer.o)
 .debug_frame   0x0000000000000c18       0x2c c:/st/stm32cubeide_1.11.2/stm32cubeide/plugins/com.st.stm32cube.ide.mcu.externaltools.gnu-tools-for-stm32.10.3-2021.10.win32_1.0.100.202210260954/tools/bin/../lib/gcc/arm-none-eabi/10.3.1/../../../../arm-none-eabi/lib/thumb/v7e-m+fp/hard\libc_nano.a(lib_a-closer.o)
 .debug_frame   0x0000000000000c44       0x2c c:/st/stm32cubeide_1.11.2/stm32cubeide/plugins/com.st.stm32cube.ide.mcu.externaltools.gnu-tools-for-stm32.10.3-2021.10.win32_1.0.100.202210260954/tools/bin/../lib/gcc/arm-none-eabi/10.3.1/../../../../arm-none-eabi/lib/thumb/v7e-m+fp/hard\libc_nano.a(lib_a-fstatr.o)
 .debug_frame   0x0000000000000c70       0x2c c:/st/stm32cubeide_1.11.2/stm32cubeide/plugins/com.st.stm32cube.ide.mcu.externaltools.gnu-tools-for-stm32.10.3-2021.10.win32_1.0.100.202210260954/tools/bin/../lib/gcc/arm-none-eabi/10.3.1/../../../../arm-none-eabi/lib/thumb/v7e-m+fp/hard\libc_nano.a(lib_a-isattyr.o)
 .debug_frame   0x0000000000000c9c       0x2c c:/st/stm32cubeide_1.11.2/stm32cubeide/plugins/com.st.stm32cube.ide.mcu.externaltools.gnu-tools-for-stm32.10.3-2021.10.win32_1.0.100.202210260954/tools/bin/../lib/gcc/arm-none-eabi/10.3.1/../../../../arm-none-eabi/lib/thumb/v7e-m+fp/hard\libc_nano.a(lib_a-lseekr.o)
 .debug_frame   0x0000000000000cc8       0x30 c:/st/stm32cubeide_1.11.2/stm32cubeide/plugins/com.st.stm32cube.ide.mcu.externaltools.gnu-tools-for-stm32.10.3-2021.10.win32_1.0.100.202210260954/tools/bin/../lib/gcc/arm-none-eabi/10.3.1/../../../../arm-none-eabi/lib/thumb/v7e-m+fp/hard\libc_nano.a(lib_a-mlock.o)
 .debug_frame   0x0000000000000cf8       0x2c c:/st/stm32cubeide_1.11.2/stm32cubeide/plugins/com.st.stm32cube.ide.mcu.externaltools.gnu-tools-for-stm32.10.3-2021.10.win32_1.0.100.202210260954/tools/bin/../lib/gcc/arm-none-eabi/10.3.1/../../../../arm-none-eabi/lib/thumb/v7e-m+fp/hard\libc_nano.a(lib_a-readr.o)
 .debug_frame   0x0000000000000d24       0x5c c:/st/stm32cubeide_1.11.2/stm32cubeide/plugins/com.st.stm32cube.ide.mcu.externaltools.gnu-tools-for-stm32.10.3-2021.10.win32_1.0.100.202210260954/tools/bin/../lib/gcc/arm-none-eabi/10.3.1/../../../../arm-none-eabi/lib/thumb/v7e-m+fp/hard\libc_nano.a(lib_a-reent.o)
