C:/Users/Nicholas/STM32CubeIDE/workspace_1.11.2/STM32_DCMotor_Encoder_Display/Drivers/CMSIS/Include/core_cm4.h:1809:22:__NVIC_SetPriority	16	static
C:/Users/Nicholas/STM32CubeIDE/workspace_1.11.2/STM32_DCMotor_Encoder_Display/Drivers/CMSIS/Include/core_cm4.h:2017:26:SysTick_Config	16	static
C:/Users/Nicholas/STM32CubeIDE/workspace_1.11.2/STM32_DCMotor_Encoder_Display/Drivers/CMSIS/Include/core_cm4.h:2059:26:ITM_SendChar	16	static,ignoring_inline_asm
../Src/main.c:37:5:main	8	static
../Src/main.c:69:5:_write	32	static
